Analysis & Synthesis report for processeurMonocycle
Sat Apr 15 11:15:40 2023
Quartus Prime Version 18.1.0 Build 625 09/12/2018 SJ Lite Edition


---------------------
; Table of Contents ;
---------------------
  1. Legal Notice
  2. Analysis & Synthesis Summary
  3. Analysis & Synthesis Settings
  4. Parallel Compilation
  5. Analysis & Synthesis Source Files Read
  6. Analysis & Synthesis Resource Usage Summary
  7. Analysis & Synthesis Resource Utilization by Entity
  8. User-Specified and Inferred Latches
  9. Registers Removed During Synthesis
 10. Removed Registers Triggering Further Register Optimizations
 11. General Register Statistics
 12. Inverted Register Statistics
 13. Multiplexer Restructuring Statistics (Restructuring Performed)
 14. Parameter Settings for User Entity Instance: processeur:Processeur|unite_de_traitement_avance:UTA|sign_extend:Extender
 15. Parameter Settings for User Entity Instance: processeur:Processeur|unite_de_traitement_avance:UTA|Mux2v1:Mux1
 16. Parameter Settings for User Entity Instance: processeur:Processeur|unite_de_traitement_avance:UTA|Mux2v1:MUXRb
 17. Parameter Settings for User Entity Instance: processeur:Processeur|unite_de_traitement_avance:UTA|Mux2v1:Mux2
 18. Parameter Settings for User Entity Instance: processeur:Processeur|unite_de_gestion_des_instructions:UGI|sign_extend:PC_Extend
 19. Port Connectivity Checks: "processeur:Processeur"
 20. Post-Synthesis Netlist Statistics for Top Partition
 21. Elapsed Time Per Partition
 22. Analysis & Synthesis Messages



----------------
; Legal Notice ;
----------------
Copyright (C) 2018  Intel Corporation. All rights reserved.
Your use of Intel Corporation's design tools, logic functions 
and other software and tools, and its AMPP partner logic 
functions, and any output files from any of the foregoing 
(including device programming or simulation files), and any 
associated documentation or information are expressly subject 
to the terms and conditions of the Intel Program License 
Subscription Agreement, the Intel Quartus Prime License Agreement,
the Intel FPGA IP License Agreement, or other applicable license
agreement, including, without limitation, that your use is for
the sole purpose of programming logic devices manufactured by
Intel and sold by Intel or its authorized distributors.  Please
refer to the applicable agreement for further details.



+----------------------------------------------------------------------------------+
; Analysis & Synthesis Summary                                                     ;
+------------------------------------+---------------------------------------------+
; Analysis & Synthesis Status        ; Successful - Sat Apr 15 11:15:40 2023       ;
; Quartus Prime Version              ; 18.1.0 Build 625 09/12/2018 SJ Lite Edition ;
; Revision Name                      ; processeurMonocycle                         ;
; Top-level Entity Name              ; top_level                                   ;
; Family                             ; MAX 10                                      ;
; Total logic elements               ; 4,999                                       ;
;     Total combinational functions  ; 2,667                                       ;
;     Dedicated logic registers      ; 2,597                                       ;
; Total registers                    ; 2597                                        ;
; Total pins                         ; 41                                          ;
; Total virtual pins                 ; 0                                           ;
; Total memory bits                  ; 0                                           ;
; Embedded Multiplier 9-bit elements ; 0                                           ;
; Total PLLs                         ; 0                                           ;
; UFM blocks                         ; 0                                           ;
; ADC blocks                         ; 0                                           ;
+------------------------------------+---------------------------------------------+


+-------------------------------------------------------------------------------------------------------------+
; Analysis & Synthesis Settings                                                                               ;
+------------------------------------------------------------------+--------------------+---------------------+
; Option                                                           ; Setting            ; Default Value       ;
+------------------------------------------------------------------+--------------------+---------------------+
; Device                                                           ; 10M50DCF484C7G     ;                     ;
; Top-level entity name                                            ; top_level          ; processeurMonocycle ;
; Family name                                                      ; MAX 10             ; Cyclone V           ;
; Maximum processors allowed for parallel compilation              ; 1                  ;                     ;
; Use smart compilation                                            ; Off                ; Off                 ;
; Enable parallel Assembler and Timing Analyzer during compilation ; On                 ; On                  ;
; Enable compact report table                                      ; Off                ; Off                 ;
; Restructure Multiplexers                                         ; Auto               ; Auto                ;
; Create Debugging Nodes for IP Cores                              ; Off                ; Off                 ;
; Preserve fewer node names                                        ; On                 ; On                  ;
; Intel FPGA IP Evaluation Mode                                    ; Enable             ; Enable              ;
; Verilog Version                                                  ; Verilog_2001       ; Verilog_2001        ;
; VHDL Version                                                     ; VHDL_1993          ; VHDL_1993           ;
; State Machine Processing                                         ; Auto               ; Auto                ;
; Safe State Machine                                               ; Off                ; Off                 ;
; Extract Verilog State Machines                                   ; On                 ; On                  ;
; Extract VHDL State Machines                                      ; On                 ; On                  ;
; Ignore Verilog initial constructs                                ; Off                ; Off                 ;
; Iteration limit for constant Verilog loops                       ; 5000               ; 5000                ;
; Iteration limit for non-constant Verilog loops                   ; 250                ; 250                 ;
; Add Pass-Through Logic to Inferred RAMs                          ; On                 ; On                  ;
; Infer RAMs from Raw Logic                                        ; On                 ; On                  ;
; Parallel Synthesis                                               ; On                 ; On                  ;
; DSP Block Balancing                                              ; Auto               ; Auto                ;
; NOT Gate Push-Back                                               ; On                 ; On                  ;
; Power-Up Don't Care                                              ; On                 ; On                  ;
; Remove Redundant Logic Cells                                     ; Off                ; Off                 ;
; Remove Duplicate Registers                                       ; On                 ; On                  ;
; Ignore CARRY Buffers                                             ; Off                ; Off                 ;
; Ignore CASCADE Buffers                                           ; Off                ; Off                 ;
; Ignore GLOBAL Buffers                                            ; Off                ; Off                 ;
; Ignore ROW GLOBAL Buffers                                        ; Off                ; Off                 ;
; Ignore LCELL Buffers                                             ; Off                ; Off                 ;
; Ignore SOFT Buffers                                              ; On                 ; On                  ;
; Limit AHDL Integers to 32 Bits                                   ; Off                ; Off                 ;
; Optimization Technique                                           ; Balanced           ; Balanced            ;
; Carry Chain Length                                               ; 70                 ; 70                  ;
; Auto Carry Chains                                                ; On                 ; On                  ;
; Auto Open-Drain Pins                                             ; On                 ; On                  ;
; Perform WYSIWYG Primitive Resynthesis                            ; Off                ; Off                 ;
; Auto ROM Replacement                                             ; On                 ; On                  ;
; Auto RAM Replacement                                             ; On                 ; On                  ;
; Auto DSP Block Replacement                                       ; On                 ; On                  ;
; Auto Shift Register Replacement                                  ; Auto               ; Auto                ;
; Allow Shift Register Merging across Hierarchies                  ; Auto               ; Auto                ;
; Auto Clock Enable Replacement                                    ; On                 ; On                  ;
; Strict RAM Replacement                                           ; Off                ; Off                 ;
; Allow Synchronous Control Signals                                ; On                 ; On                  ;
; Force Use of Synchronous Clear Signals                           ; Off                ; Off                 ;
; Auto RAM Block Balancing                                         ; On                 ; On                  ;
; Auto RAM to Logic Cell Conversion                                ; Off                ; Off                 ;
; Auto Resource Sharing                                            ; Off                ; Off                 ;
; Allow Any RAM Size For Recognition                               ; Off                ; Off                 ;
; Allow Any ROM Size For Recognition                               ; Off                ; Off                 ;
; Allow Any Shift Register Size For Recognition                    ; Off                ; Off                 ;
; Use LogicLock Constraints during Resource Balancing              ; On                 ; On                  ;
; Ignore translate_off and synthesis_off directives                ; Off                ; Off                 ;
; Timing-Driven Synthesis                                          ; On                 ; On                  ;
; Report Parameter Settings                                        ; On                 ; On                  ;
; Report Source Assignments                                        ; On                 ; On                  ;
; Report Connectivity Checks                                       ; On                 ; On                  ;
; Ignore Maximum Fan-Out Assignments                               ; Off                ; Off                 ;
; Synchronization Register Chain Length                            ; 2                  ; 2                   ;
; Power Optimization During Synthesis                              ; Normal compilation ; Normal compilation  ;
; HDL message level                                                ; Level2             ; Level2              ;
; Suppress Register Optimization Related Messages                  ; Off                ; Off                 ;
; Number of Removed Registers Reported in Synthesis Report         ; 5000               ; 5000                ;
; Number of Swept Nodes Reported in Synthesis Report               ; 5000               ; 5000                ;
; Number of Inverted Registers Reported in Synthesis Report        ; 100                ; 100                 ;
; Clock MUX Protection                                             ; On                 ; On                  ;
; Auto Gated Clock Conversion                                      ; Off                ; Off                 ;
; Block Design Naming                                              ; Auto               ; Auto                ;
; SDC constraint protection                                        ; Off                ; Off                 ;
; Synthesis Effort                                                 ; Auto               ; Auto                ;
; Shift Register Replacement - Allow Asynchronous Clear Signal     ; On                 ; On                  ;
; Pre-Mapping Resynthesis Optimization                             ; Off                ; Off                 ;
; Analysis & Synthesis Message Level                               ; Medium             ; Medium              ;
; Disable Register Merging Across Hierarchies                      ; Auto               ; Auto                ;
; Resource Aware Inference For Block RAM                           ; On                 ; On                  ;
+------------------------------------------------------------------+--------------------+---------------------+


Parallel compilation was disabled, but you have multiple processors available. Enable parallel compilation to reduce compilation time.
+-------------------------------------+
; Parallel Compilation                ;
+----------------------------+--------+
; Processors                 ; Number ;
+----------------------------+--------+
; Number detected on machine ; 8      ;
; Maximum allowed            ; 1      ;
+----------------------------+--------+


+-------------------------------------------------------------------------------------------------------------------------------------------------------------------------------------------------------------------------------------------------------------+
; Analysis & Synthesis Source Files Read                                                                                                                                                                                                                      ;
+----------------------------------------------+-----------------+-----------------+----------------------------------------------------------------------------------------------------------------------------------------------------------------+---------+
; File Name with User-Entered Path             ; Used in Netlist ; File Type       ; File Name with Absolute Path                                                                                                                                   ; Library ;
+----------------------------------------------+-----------------+-----------------+----------------------------------------------------------------------------------------------------------------------------------------------------------------+---------+
; ../src/vic.vhd                               ; yes             ; User VHDL File  ; C:/Users/Lucas/OneDrive - etu.sorbonne-universite.fr/EI-SE/Semestre 6/Projet VHDL/Projet/projet/Processeur-monocycle/src/vic.vhd                               ;         ;
; ../src/unite_de_traitement_avance.vhd        ; yes             ; User VHDL File  ; C:/Users/Lucas/OneDrive - etu.sorbonne-universite.fr/EI-SE/Semestre 6/Projet VHDL/Projet/projet/Processeur-monocycle/src/unite_de_traitement_avance.vhd        ;         ;
; ../src/unite_de_gestion_des_instructions.vhd ; yes             ; User VHDL File  ; C:/Users/Lucas/OneDrive - etu.sorbonne-universite.fr/EI-SE/Semestre 6/Projet VHDL/Projet/projet/Processeur-monocycle/src/unite_de_gestion_des_instructions.vhd ;         ;
; ../src/ual.vhd                               ; yes             ; User VHDL File  ; C:/Users/Lucas/OneDrive - etu.sorbonne-universite.fr/EI-SE/Semestre 6/Projet VHDL/Projet/projet/Processeur-monocycle/src/ual.vhd                               ;         ;
; ../src/top_level.vhd                         ; yes             ; User VHDL File  ; C:/Users/Lucas/OneDrive - etu.sorbonne-universite.fr/EI-SE/Semestre 6/Projet VHDL/Projet/projet/Processeur-monocycle/src/top_level.vhd                         ;         ;
; ../src/sign_extend.vhd                       ; yes             ; User VHDL File  ; C:/Users/Lucas/OneDrive - etu.sorbonne-universite.fr/EI-SE/Semestre 6/Projet VHDL/Projet/projet/Processeur-monocycle/src/sign_extend.vhd                       ;         ;
; ../src/Sept_Segments.vhd                     ; yes             ; User VHDL File  ; C:/Users/Lucas/OneDrive - etu.sorbonne-universite.fr/EI-SE/Semestre 6/Projet VHDL/Projet/projet/Processeur-monocycle/src/Sept_Segments.vhd                     ;         ;
; ../src/registrePSR.vhd                       ; yes             ; User VHDL File  ; C:/Users/Lucas/OneDrive - etu.sorbonne-universite.fr/EI-SE/Semestre 6/Projet VHDL/Projet/projet/Processeur-monocycle/src/registrePSR.vhd                       ;         ;
; ../src/registreAfficheur.vhd                 ; yes             ; User VHDL File  ; C:/Users/Lucas/OneDrive - etu.sorbonne-universite.fr/EI-SE/Semestre 6/Projet VHDL/Projet/projet/Processeur-monocycle/src/registreAfficheur.vhd                 ;         ;
; ../src/processeur.vhd                        ; yes             ; User VHDL File  ; C:/Users/Lucas/OneDrive - etu.sorbonne-universite.fr/EI-SE/Semestre 6/Projet VHDL/Projet/projet/Processeur-monocycle/src/processeur.vhd                        ;         ;
; ../src/mux2v1.vhd                            ; yes             ; User VHDL File  ; C:/Users/Lucas/OneDrive - etu.sorbonne-universite.fr/EI-SE/Semestre 6/Projet VHDL/Projet/projet/Processeur-monocycle/src/mux2v1.vhd                            ;         ;
; ../src/memoire_instruction.vhd               ; yes             ; User VHDL File  ; C:/Users/Lucas/OneDrive - etu.sorbonne-universite.fr/EI-SE/Semestre 6/Projet VHDL/Projet/projet/Processeur-monocycle/src/memoire_instruction.vhd               ;         ;
; ../src/decod_instruction.vhd                 ; yes             ; User VHDL File  ; C:/Users/Lucas/OneDrive - etu.sorbonne-universite.fr/EI-SE/Semestre 6/Projet VHDL/Projet/projet/Processeur-monocycle/src/decod_instruction.vhd                 ;         ;
; ../src/data_memory.vhd                       ; yes             ; User VHDL File  ; C:/Users/Lucas/OneDrive - etu.sorbonne-universite.fr/EI-SE/Semestre 6/Projet VHDL/Projet/projet/Processeur-monocycle/src/data_memory.vhd                       ;         ;
; ../src/banc_registre.vhd                     ; yes             ; User VHDL File  ; C:/Users/Lucas/OneDrive - etu.sorbonne-universite.fr/EI-SE/Semestre 6/Projet VHDL/Projet/projet/Processeur-monocycle/src/banc_registre.vhd                     ;         ;
+----------------------------------------------+-----------------+-----------------+----------------------------------------------------------------------------------------------------------------------------------------------------------------+---------+


+--------------------------------------------------------------+
; Analysis & Synthesis Resource Usage Summary                  ;
+---------------------------------------------+----------------+
; Resource                                    ; Usage          ;
+---------------------------------------------+----------------+
; Estimated Total logic elements              ; 4,999          ;
;                                             ;                ;
; Total combinational functions               ; 2667           ;
; Logic element usage by number of LUT inputs ;                ;
;     -- 4 input functions                    ; 2320           ;
;     -- 3 input functions                    ; 79             ;
;     -- <=2 input functions                  ; 268            ;
;                                             ;                ;
; Logic elements by mode                      ;                ;
;     -- normal mode                          ; 2625           ;
;     -- arithmetic mode                      ; 42             ;
;                                             ;                ;
; Total registers                             ; 2597           ;
;     -- Dedicated logic registers            ; 2597           ;
;     -- I/O registers                        ; 0              ;
;                                             ;                ;
; I/O pins                                    ; 41             ;
;                                             ;                ;
; Embedded Multiplier 9-bit elements          ; 0              ;
;                                             ;                ;
; Maximum fan-out node                        ; CLOCK_50~input ;
; Maximum fan-out                             ; 2597           ;
; Total fan-out                               ; 20311          ;
; Average fan-out                             ; 3.80           ;
+---------------------------------------------+----------------+


+-------------------------------------------------------------------------------------------------------------------------------------------------------------------------------------------------------------------------------------------------------------------------------------------------------------------------------------------------------------+
; Analysis & Synthesis Resource Utilization by Entity                                                                                                                                                                                                                                                                                                         ;
+-----------------------------------------------+---------------------+---------------------------+-------------+------------+--------------+---------+-----------+------+--------------+------------+-----------------------------------------------------------------------------------------------------+-----------------------------------+--------------+
; Compilation Hierarchy Node                    ; Combinational ALUTs ; Dedicated Logic Registers ; Memory Bits ; UFM Blocks ; DSP Elements ; DSP 9x9 ; DSP 18x18 ; Pins ; Virtual Pins ; ADC blocks ; Full Hierarchy Name                                                                                 ; Entity Name                       ; Library Name ;
+-----------------------------------------------+---------------------+---------------------------+-------------+------------+--------------+---------+-----------+------+--------------+------------+-----------------------------------------------------------------------------------------------------+-----------------------------------+--------------+
; |top_level                                    ; 2667 (0)            ; 2597 (0)                  ; 0           ; 0          ; 0            ; 0       ; 0         ; 41   ; 0            ; 0          ; |top_level                                                                                          ; top_level                         ; work         ;
;    |Sept_Segments:SEVEN_SEG1|                 ; 14 (14)             ; 0 (0)                     ; 0           ; 0          ; 0            ; 0       ; 0         ; 0    ; 0            ; 0          ; |top_level|Sept_Segments:SEVEN_SEG1                                                                 ; Sept_Segments                     ; work         ;
;    |Sept_Segments:SEVEN_SEG2|                 ; 14 (14)             ; 0 (0)                     ; 0           ; 0          ; 0            ; 0       ; 0         ; 0    ; 0            ; 0          ; |top_level|Sept_Segments:SEVEN_SEG2                                                                 ; Sept_Segments                     ; work         ;
;    |Sept_Segments:SEVEN_SEG3|                 ; 14 (14)             ; 0 (0)                     ; 0           ; 0          ; 0            ; 0       ; 0         ; 0    ; 0            ; 0          ; |top_level|Sept_Segments:SEVEN_SEG3                                                                 ; Sept_Segments                     ; work         ;
;    |Sept_Segments:SEVEN_SEG4|                 ; 14 (14)             ; 0 (0)                     ; 0           ; 0          ; 0            ; 0       ; 0         ; 0    ; 0            ; 0          ; |top_level|Sept_Segments:SEVEN_SEG4                                                                 ; Sept_Segments                     ; work         ;
;    |processeur:Processeur|                    ; 2611 (0)            ; 2597 (0)                  ; 0           ; 0          ; 0            ; 0       ; 0         ; 0    ; 0            ; 0          ; |top_level|processeur:Processeur                                                                    ; processeur                        ; work         ;
;       |VIC:VIC|                               ; 4 (4)               ; 7 (7)                     ; 0           ; 0          ; 0            ; 0       ; 0         ; 0    ; 0            ; 0          ; |top_level|processeur:Processeur|VIC:VIC                                                            ; VIC                               ; work         ;
;       |decod_instruction:Decodeur|            ; 50 (50)             ; 0 (0)                     ; 0           ; 0          ; 0            ; 0       ; 0         ; 0    ; 0            ; 0          ; |top_level|processeur:Processeur|decod_instruction:Decodeur                                         ; decod_instruction                 ; work         ;
;       |registrePSR:PSR|                       ; 3 (3)               ; 1 (1)                     ; 0           ; 0          ; 0            ; 0       ; 0         ; 0    ; 0            ; 0          ; |top_level|processeur:Processeur|registrePSR:PSR                                                    ; registrePSR                       ; work         ;
;       |unite_de_gestion_des_instructions:UGI| ; 101 (34)            ; 13 (13)                   ; 0           ; 0          ; 0            ; 0       ; 0         ; 0    ; 0            ; 0          ; |top_level|processeur:Processeur|unite_de_gestion_des_instructions:UGI                              ; unite_de_gestion_des_instructions ; work         ;
;          |instruction_memory_IRQ:instr|       ; 67 (67)             ; 0 (0)                     ; 0           ; 0          ; 0            ; 0       ; 0         ; 0    ; 0            ; 0          ; |top_level|processeur:Processeur|unite_de_gestion_des_instructions:UGI|instruction_memory_IRQ:instr ; instruction_memory_IRQ            ; work         ;
;       |unite_de_traitement_avance:UTA|        ; 2453 (0)            ; 2576 (0)                  ; 0           ; 0          ; 0            ; 0       ; 0         ; 0    ; 0            ; 0          ; |top_level|processeur:Processeur|unite_de_traitement_avance:UTA                                     ; unite_de_traitement_avance        ; work         ;
;          |Mux2v1:MUXRb|                       ; 4 (4)               ; 0 (0)                     ; 0           ; 0          ; 0            ; 0       ; 0         ; 0    ; 0            ; 0          ; |top_level|processeur:Processeur|unite_de_traitement_avance:UTA|Mux2v1:MUXRb                        ; Mux2v1                            ; work         ;
;          |Mux2v1:Mux1|                        ; 33 (33)             ; 0 (0)                     ; 0           ; 0          ; 0            ; 0       ; 0         ; 0    ; 0            ; 0          ; |top_level|processeur:Processeur|unite_de_traitement_avance:UTA|Mux2v1:Mux1                         ; Mux2v1                            ; work         ;
;          |Mux2v1:Mux2|                        ; 1405 (1405)         ; 0 (0)                     ; 0           ; 0          ; 0            ; 0       ; 0         ; 0    ; 0            ; 0          ; |top_level|processeur:Processeur|unite_de_traitement_avance:UTA|Mux2v1:Mux2                         ; Mux2v1                            ; work         ;
;          |banc_registre:banc_registre|        ; 666 (666)           ; 512 (512)                 ; 0           ; 0          ; 0            ; 0       ; 0         ; 0    ; 0            ; 0          ; |top_level|processeur:Processeur|unite_de_traitement_avance:UTA|banc_registre:banc_registre         ; banc_registre                     ; work         ;
;          |data_memory:DataMemory|             ; 260 (260)           ; 2048 (2048)               ; 0           ; 0          ; 0            ; 0       ; 0         ; 0    ; 0            ; 0          ; |top_level|processeur:Processeur|unite_de_traitement_avance:UTA|data_memory:DataMemory              ; data_memory                       ; work         ;
;          |registreAfficheur:Aff|              ; 0 (0)               ; 16 (16)                   ; 0           ; 0          ; 0            ; 0       ; 0         ; 0    ; 0            ; 0          ; |top_level|processeur:Processeur|unite_de_traitement_avance:UTA|registreAfficheur:Aff               ; registreAfficheur                 ; work         ;
;          |ual:UAL|                            ; 85 (85)             ; 0 (0)                     ; 0           ; 0          ; 0            ; 0       ; 0         ; 0    ; 0            ; 0          ; |top_level|processeur:Processeur|unite_de_traitement_avance:UTA|ual:UAL                             ; ual                               ; work         ;
+-----------------------------------------------+---------------------+---------------------------+-------------+------------+--------------+---------+-----------+------+--------------+------------+-----------------------------------------------------------------------------------------------------+-----------------------------------+--------------+
Note: For table entries with two numbers listed, the numbers in parentheses indicate the number of resources of the given type used by the specific entity alone. The numbers listed outside of parentheses indicate the total resources of the given type used by the specific entity and all of its sub-entities in the hierarchy.


+------------------------------------------------------------------------------------------------------------------------------------------------------------+
; User-Specified and Inferred Latches                                                                                                                        ;
+--------------------------------------------------------------------------+--------------------------------------------------------+------------------------+
; Latch Name                                                               ; Latch Enable Signal                                    ; Free of Timing Hazards ;
+--------------------------------------------------------------------------+--------------------------------------------------------+------------------------+
; processeur:Processeur|decod_instruction:Decodeur|RegAff                  ; processeur:Processeur|decod_instruction:Decodeur|Mux10 ; yes                    ;
; processeur:Processeur|decod_instruction:Decodeur|ALUctr[1]               ; processeur:Processeur|decod_instruction:Decodeur|Mux10 ; yes                    ;
; processeur:Processeur|decod_instruction:Decodeur|instr_courante.ADDi_375 ; processeur:Processeur|decod_instruction:Decodeur|Mux10 ; yes                    ;
; processeur:Processeur|decod_instruction:Decodeur|ALUctr[0]               ; processeur:Processeur|decod_instruction:Decodeur|Mux10 ; yes                    ;
; processeur:Processeur|decod_instruction:Decodeur|instr_courante.ADDr_364 ; processeur:Processeur|decod_instruction:Decodeur|Mux10 ; yes                    ;
; processeur:Processeur|decod_instruction:Decodeur|instr_courante.BAL_320  ; processeur:Processeur|decod_instruction:Decodeur|Mux10 ; yes                    ;
; processeur:Processeur|decod_instruction:Decodeur|instr_courante.BLT_310  ; processeur:Processeur|decod_instruction:Decodeur|Mux10 ; yes                    ;
; processeur:Processeur|decod_instruction:Decodeur|IRQ_end                 ; processeur:Processeur|decod_instruction:Decodeur|Mux10 ; yes                    ;
; processeur:Processeur|decod_instruction:Decodeur|WrRsc                   ; processeur:Processeur|decod_instruction:Decodeur|Mux10 ; yes                    ;
; Number of user-specified and inferred latches = 9                        ;                                                        ;                        ;
+--------------------------------------------------------------------------+--------------------------------------------------------+------------------------+
Note: All latches listed above may not be present at the end of synthesis due to various synthesis optimizations.


+----------------------------------------------------------------------------------------------------------------------------+
; Registers Removed During Synthesis                                                                                         ;
+-----------------------------------------------------------------------+----------------------------------------------------+
; Register name                                                         ; Reason for Removal                                 ;
+-----------------------------------------------------------------------+----------------------------------------------------+
; processeur:Processeur|VIC:VIC|VICPC[1,5..31]                          ; Stuck at GND due to stuck port data_in             ;
; processeur:Processeur|VIC:VIC|VICPC[2]                                ; Merged with processeur:Processeur|VIC:VIC|VICPC[4] ;
; processeur:Processeur|VIC:VIC|IRQ                                     ; Merged with processeur:Processeur|VIC:VIC|VICPC[0] ;
; processeur:Processeur|unite_de_gestion_des_instructions:UGI|PC[6..31] ; Lost fanout                                        ;
; processeur:Processeur|unite_de_gestion_des_instructions:UGI|LR[6..31] ; Lost fanout                                        ;
; Total Number of Removed Registers = 82                                ;                                                    ;
+-----------------------------------------------------------------------+----------------------------------------------------+


+---------------------------------------------------------------------------------------------------------------------------------------------------------------+
; Removed Registers Triggering Further Register Optimizations                                                                                                   ;
+--------------------------------------------------------------------+--------------------+---------------------------------------------------------------------+
; Register name                                                      ; Reason for Removal ; Registers Removed due to This Register                              ;
+--------------------------------------------------------------------+--------------------+---------------------------------------------------------------------+
; processeur:Processeur|unite_de_gestion_des_instructions:UGI|PC[31] ; Lost Fanouts       ; processeur:Processeur|unite_de_gestion_des_instructions:UGI|PC[30], ;
;                                                                    ;                    ; processeur:Processeur|unite_de_gestion_des_instructions:UGI|PC[29], ;
;                                                                    ;                    ; processeur:Processeur|unite_de_gestion_des_instructions:UGI|PC[28], ;
;                                                                    ;                    ; processeur:Processeur|unite_de_gestion_des_instructions:UGI|PC[27], ;
;                                                                    ;                    ; processeur:Processeur|unite_de_gestion_des_instructions:UGI|PC[26], ;
;                                                                    ;                    ; processeur:Processeur|unite_de_gestion_des_instructions:UGI|PC[25], ;
;                                                                    ;                    ; processeur:Processeur|unite_de_gestion_des_instructions:UGI|PC[24], ;
;                                                                    ;                    ; processeur:Processeur|unite_de_gestion_des_instructions:UGI|PC[23], ;
;                                                                    ;                    ; processeur:Processeur|unite_de_gestion_des_instructions:UGI|PC[22], ;
;                                                                    ;                    ; processeur:Processeur|unite_de_gestion_des_instructions:UGI|PC[21], ;
;                                                                    ;                    ; processeur:Processeur|unite_de_gestion_des_instructions:UGI|PC[20], ;
;                                                                    ;                    ; processeur:Processeur|unite_de_gestion_des_instructions:UGI|PC[19], ;
;                                                                    ;                    ; processeur:Processeur|unite_de_gestion_des_instructions:UGI|PC[18], ;
;                                                                    ;                    ; processeur:Processeur|unite_de_gestion_des_instructions:UGI|PC[17], ;
;                                                                    ;                    ; processeur:Processeur|unite_de_gestion_des_instructions:UGI|PC[16], ;
;                                                                    ;                    ; processeur:Processeur|unite_de_gestion_des_instructions:UGI|PC[15], ;
;                                                                    ;                    ; processeur:Processeur|unite_de_gestion_des_instructions:UGI|PC[14], ;
;                                                                    ;                    ; processeur:Processeur|unite_de_gestion_des_instructions:UGI|PC[13], ;
;                                                                    ;                    ; processeur:Processeur|unite_de_gestion_des_instructions:UGI|PC[12], ;
;                                                                    ;                    ; processeur:Processeur|unite_de_gestion_des_instructions:UGI|PC[11], ;
;                                                                    ;                    ; processeur:Processeur|unite_de_gestion_des_instructions:UGI|PC[10], ;
;                                                                    ;                    ; processeur:Processeur|unite_de_gestion_des_instructions:UGI|PC[9],  ;
;                                                                    ;                    ; processeur:Processeur|unite_de_gestion_des_instructions:UGI|PC[8],  ;
;                                                                    ;                    ; processeur:Processeur|unite_de_gestion_des_instructions:UGI|PC[7],  ;
;                                                                    ;                    ; processeur:Processeur|unite_de_gestion_des_instructions:UGI|PC[6],  ;
;                                                                    ;                    ; processeur:Processeur|unite_de_gestion_des_instructions:UGI|LR[6],  ;
;                                                                    ;                    ; processeur:Processeur|unite_de_gestion_des_instructions:UGI|LR[7],  ;
;                                                                    ;                    ; processeur:Processeur|unite_de_gestion_des_instructions:UGI|LR[8],  ;
;                                                                    ;                    ; processeur:Processeur|unite_de_gestion_des_instructions:UGI|LR[9],  ;
;                                                                    ;                    ; processeur:Processeur|unite_de_gestion_des_instructions:UGI|LR[10], ;
;                                                                    ;                    ; processeur:Processeur|unite_de_gestion_des_instructions:UGI|LR[11], ;
;                                                                    ;                    ; processeur:Processeur|unite_de_gestion_des_instructions:UGI|LR[12], ;
;                                                                    ;                    ; processeur:Processeur|unite_de_gestion_des_instructions:UGI|LR[13], ;
;                                                                    ;                    ; processeur:Processeur|unite_de_gestion_des_instructions:UGI|LR[14], ;
;                                                                    ;                    ; processeur:Processeur|unite_de_gestion_des_instructions:UGI|LR[15], ;
;                                                                    ;                    ; processeur:Processeur|unite_de_gestion_des_instructions:UGI|LR[16], ;
;                                                                    ;                    ; processeur:Processeur|unite_de_gestion_des_instructions:UGI|LR[17], ;
;                                                                    ;                    ; processeur:Processeur|unite_de_gestion_des_instructions:UGI|LR[18], ;
;                                                                    ;                    ; processeur:Processeur|unite_de_gestion_des_instructions:UGI|LR[19], ;
;                                                                    ;                    ; processeur:Processeur|unite_de_gestion_des_instructions:UGI|LR[20], ;
;                                                                    ;                    ; processeur:Processeur|unite_de_gestion_des_instructions:UGI|LR[21], ;
;                                                                    ;                    ; processeur:Processeur|unite_de_gestion_des_instructions:UGI|LR[22], ;
;                                                                    ;                    ; processeur:Processeur|unite_de_gestion_des_instructions:UGI|LR[23], ;
;                                                                    ;                    ; processeur:Processeur|unite_de_gestion_des_instructions:UGI|LR[24], ;
;                                                                    ;                    ; processeur:Processeur|unite_de_gestion_des_instructions:UGI|LR[25], ;
;                                                                    ;                    ; processeur:Processeur|unite_de_gestion_des_instructions:UGI|LR[26], ;
;                                                                    ;                    ; processeur:Processeur|unite_de_gestion_des_instructions:UGI|LR[27], ;
;                                                                    ;                    ; processeur:Processeur|unite_de_gestion_des_instructions:UGI|LR[28], ;
;                                                                    ;                    ; processeur:Processeur|unite_de_gestion_des_instructions:UGI|LR[29], ;
;                                                                    ;                    ; processeur:Processeur|unite_de_gestion_des_instructions:UGI|LR[30], ;
;                                                                    ;                    ; processeur:Processeur|unite_de_gestion_des_instructions:UGI|LR[31]  ;
+--------------------------------------------------------------------+--------------------+---------------------------------------------------------------------+


+------------------------------------------------------+
; General Register Statistics                          ;
+----------------------------------------------+-------+
; Statistic                                    ; Value ;
+----------------------------------------------+-------+
; Total registers                              ; 2597  ;
; Number of registers using Synchronous Clear  ; 0     ;
; Number of registers using Synchronous Load   ; 4     ;
; Number of registers using Asynchronous Clear ; 2597  ;
; Number of registers using Asynchronous Load  ; 0     ;
; Number of registers using Clock Enable       ; 2582  ;
; Number of registers using Preset             ; 0     ;
+----------------------------------------------+-------+


+--------------------------------------------------------------------------------------------------------+
; Inverted Register Statistics                                                                           ;
+----------------------------------------------------------------------------------------------+---------+
; Inverted Register                                                                            ; Fan out ;
+----------------------------------------------------------------------------------------------+---------+
; processeur:Processeur|unite_de_traitement_avance:UTA|banc_registre:banc_registre|Banc[15][4] ; 2       ;
; processeur:Processeur|unite_de_traitement_avance:UTA|banc_registre:banc_registre|Banc[15][5] ; 2       ;
; processeur:Processeur|unite_de_traitement_avance:UTA|data_memory:DataMemory|Banc[41][0]      ; 1       ;
; processeur:Processeur|unite_de_traitement_avance:UTA|data_memory:DataMemory|Banc[35][0]      ; 1       ;
; processeur:Processeur|unite_de_traitement_avance:UTA|data_memory:DataMemory|Banc[33][0]      ; 1       ;
; processeur:Processeur|unite_de_traitement_avance:UTA|data_memory:DataMemory|Banc[43][0]      ; 1       ;
; processeur:Processeur|unite_de_traitement_avance:UTA|data_memory:DataMemory|Banc[45][0]      ; 1       ;
; processeur:Processeur|unite_de_traitement_avance:UTA|data_memory:DataMemory|Banc[39][0]      ; 1       ;
; processeur:Processeur|unite_de_traitement_avance:UTA|data_memory:DataMemory|Banc[37][0]      ; 1       ;
; processeur:Processeur|unite_de_traitement_avance:UTA|data_memory:DataMemory|Banc[47][0]      ; 1       ;
; processeur:Processeur|unite_de_traitement_avance:UTA|data_memory:DataMemory|Banc[19][0]      ; 1       ;
; processeur:Processeur|unite_de_traitement_avance:UTA|data_memory:DataMemory|Banc[27][0]      ; 1       ;
; processeur:Processeur|unite_de_traitement_avance:UTA|data_memory:DataMemory|Banc[21][0]      ; 1       ;
; processeur:Processeur|unite_de_traitement_avance:UTA|data_memory:DataMemory|Banc[29][0]      ; 1       ;
; processeur:Processeur|unite_de_traitement_avance:UTA|data_memory:DataMemory|Banc[17][0]      ; 1       ;
; processeur:Processeur|unite_de_traitement_avance:UTA|data_memory:DataMemory|Banc[25][0]      ; 1       ;
; processeur:Processeur|unite_de_traitement_avance:UTA|data_memory:DataMemory|Banc[23][0]      ; 1       ;
; processeur:Processeur|unite_de_traitement_avance:UTA|data_memory:DataMemory|Banc[31][0]      ; 1       ;
; processeur:Processeur|unite_de_traitement_avance:UTA|data_memory:DataMemory|Banc[9][0]       ; 1       ;
; processeur:Processeur|unite_de_traitement_avance:UTA|data_memory:DataMemory|Banc[5][0]       ; 1       ;
; processeur:Processeur|unite_de_traitement_avance:UTA|data_memory:DataMemory|Banc[1][0]       ; 1       ;
; processeur:Processeur|unite_de_traitement_avance:UTA|data_memory:DataMemory|Banc[13][0]      ; 1       ;
; processeur:Processeur|unite_de_traitement_avance:UTA|data_memory:DataMemory|Banc[11][0]      ; 1       ;
; processeur:Processeur|unite_de_traitement_avance:UTA|data_memory:DataMemory|Banc[7][0]       ; 1       ;
; processeur:Processeur|unite_de_traitement_avance:UTA|data_memory:DataMemory|Banc[3][0]       ; 1       ;
; processeur:Processeur|unite_de_traitement_avance:UTA|data_memory:DataMemory|Banc[15][0]      ; 1       ;
; processeur:Processeur|unite_de_traitement_avance:UTA|data_memory:DataMemory|Banc[57][0]      ; 1       ;
; processeur:Processeur|unite_de_traitement_avance:UTA|data_memory:DataMemory|Banc[53][0]      ; 1       ;
; processeur:Processeur|unite_de_traitement_avance:UTA|data_memory:DataMemory|Banc[49][0]      ; 1       ;
; processeur:Processeur|unite_de_traitement_avance:UTA|data_memory:DataMemory|Banc[61][0]      ; 1       ;
; processeur:Processeur|unite_de_traitement_avance:UTA|data_memory:DataMemory|Banc[59][0]      ; 1       ;
; processeur:Processeur|unite_de_traitement_avance:UTA|data_memory:DataMemory|Banc[55][0]      ; 1       ;
; processeur:Processeur|unite_de_traitement_avance:UTA|data_memory:DataMemory|Banc[51][0]      ; 1       ;
; processeur:Processeur|unite_de_traitement_avance:UTA|data_memory:DataMemory|Banc[50][1]      ; 1       ;
; processeur:Processeur|unite_de_traitement_avance:UTA|data_memory:DataMemory|Banc[22][1]      ; 1       ;
; processeur:Processeur|unite_de_traitement_avance:UTA|data_memory:DataMemory|Banc[18][1]      ; 1       ;
; processeur:Processeur|unite_de_traitement_avance:UTA|data_memory:DataMemory|Banc[54][1]      ; 1       ;
; processeur:Processeur|unite_de_traitement_avance:UTA|data_memory:DataMemory|Banc[51][1]      ; 1       ;
; processeur:Processeur|unite_de_traitement_avance:UTA|data_memory:DataMemory|Banc[23][1]      ; 1       ;
; processeur:Processeur|unite_de_traitement_avance:UTA|data_memory:DataMemory|Banc[19][1]      ; 1       ;
; processeur:Processeur|unite_de_traitement_avance:UTA|data_memory:DataMemory|Banc[55][1]      ; 1       ;
; processeur:Processeur|unite_de_traitement_avance:UTA|data_memory:DataMemory|Banc[42][1]      ; 1       ;
; processeur:Processeur|unite_de_traitement_avance:UTA|data_memory:DataMemory|Banc[11][1]      ; 1       ;
; processeur:Processeur|unite_de_traitement_avance:UTA|data_memory:DataMemory|Banc[10][1]      ; 1       ;
; processeur:Processeur|unite_de_traitement_avance:UTA|data_memory:DataMemory|Banc[43][1]      ; 1       ;
; processeur:Processeur|unite_de_traitement_avance:UTA|data_memory:DataMemory|Banc[46][1]      ; 1       ;
; processeur:Processeur|unite_de_traitement_avance:UTA|data_memory:DataMemory|Banc[15][1]      ; 1       ;
; processeur:Processeur|unite_de_traitement_avance:UTA|data_memory:DataMemory|Banc[14][1]      ; 1       ;
; processeur:Processeur|unite_de_traitement_avance:UTA|data_memory:DataMemory|Banc[47][1]      ; 1       ;
; processeur:Processeur|unite_de_traitement_avance:UTA|data_memory:DataMemory|Banc[6][1]       ; 1       ;
; processeur:Processeur|unite_de_traitement_avance:UTA|data_memory:DataMemory|Banc[38][1]      ; 1       ;
; processeur:Processeur|unite_de_traitement_avance:UTA|data_memory:DataMemory|Banc[3][1]       ; 1       ;
; processeur:Processeur|unite_de_traitement_avance:UTA|data_memory:DataMemory|Banc[35][1]      ; 1       ;
; processeur:Processeur|unite_de_traitement_avance:UTA|data_memory:DataMemory|Banc[2][1]       ; 1       ;
; processeur:Processeur|unite_de_traitement_avance:UTA|data_memory:DataMemory|Banc[34][1]      ; 1       ;
; processeur:Processeur|unite_de_traitement_avance:UTA|data_memory:DataMemory|Banc[7][1]       ; 1       ;
; processeur:Processeur|unite_de_traitement_avance:UTA|data_memory:DataMemory|Banc[39][1]      ; 1       ;
; processeur:Processeur|unite_de_traitement_avance:UTA|data_memory:DataMemory|Banc[30][1]      ; 1       ;
; processeur:Processeur|unite_de_traitement_avance:UTA|data_memory:DataMemory|Banc[62][1]      ; 1       ;
; processeur:Processeur|unite_de_traitement_avance:UTA|data_memory:DataMemory|Banc[27][1]      ; 1       ;
; processeur:Processeur|unite_de_traitement_avance:UTA|data_memory:DataMemory|Banc[59][1]      ; 1       ;
; processeur:Processeur|unite_de_traitement_avance:UTA|data_memory:DataMemory|Banc[26][1]      ; 1       ;
; processeur:Processeur|unite_de_traitement_avance:UTA|data_memory:DataMemory|Banc[58][1]      ; 1       ;
; processeur:Processeur|unite_de_traitement_avance:UTA|data_memory:DataMemory|Banc[31][1]      ; 1       ;
; processeur:Processeur|unite_de_traitement_avance:UTA|data_memory:DataMemory|Banc[13][2]      ; 1       ;
; processeur:Processeur|unite_de_traitement_avance:UTA|data_memory:DataMemory|Banc[29][2]      ; 1       ;
; processeur:Processeur|unite_de_traitement_avance:UTA|data_memory:DataMemory|Banc[14][2]      ; 1       ;
; processeur:Processeur|unite_de_traitement_avance:UTA|data_memory:DataMemory|Banc[30][2]      ; 1       ;
; processeur:Processeur|unite_de_traitement_avance:UTA|data_memory:DataMemory|Banc[12][2]      ; 1       ;
; processeur:Processeur|unite_de_traitement_avance:UTA|data_memory:DataMemory|Banc[28][2]      ; 1       ;
; processeur:Processeur|unite_de_traitement_avance:UTA|data_memory:DataMemory|Banc[15][2]      ; 1       ;
; processeur:Processeur|unite_de_traitement_avance:UTA|data_memory:DataMemory|Banc[31][2]      ; 1       ;
; processeur:Processeur|unite_de_traitement_avance:UTA|data_memory:DataMemory|Banc[52][2]      ; 1       ;
; processeur:Processeur|unite_de_traitement_avance:UTA|data_memory:DataMemory|Banc[38][2]      ; 1       ;
; processeur:Processeur|unite_de_traitement_avance:UTA|data_memory:DataMemory|Banc[36][2]      ; 1       ;
; processeur:Processeur|unite_de_traitement_avance:UTA|data_memory:DataMemory|Banc[54][2]      ; 1       ;
; processeur:Processeur|unite_de_traitement_avance:UTA|data_memory:DataMemory|Banc[53][2]      ; 1       ;
; processeur:Processeur|unite_de_traitement_avance:UTA|data_memory:DataMemory|Banc[39][2]      ; 1       ;
; processeur:Processeur|unite_de_traitement_avance:UTA|data_memory:DataMemory|Banc[37][2]      ; 1       ;
; processeur:Processeur|unite_de_traitement_avance:UTA|data_memory:DataMemory|Banc[55][2]      ; 1       ;
; processeur:Processeur|unite_de_traitement_avance:UTA|data_memory:DataMemory|Banc[5][2]       ; 1       ;
; processeur:Processeur|unite_de_traitement_avance:UTA|data_memory:DataMemory|Banc[21][2]      ; 1       ;
; processeur:Processeur|unite_de_traitement_avance:UTA|data_memory:DataMemory|Banc[6][2]       ; 1       ;
; processeur:Processeur|unite_de_traitement_avance:UTA|data_memory:DataMemory|Banc[22][2]      ; 1       ;
; processeur:Processeur|unite_de_traitement_avance:UTA|data_memory:DataMemory|Banc[4][2]       ; 1       ;
; processeur:Processeur|unite_de_traitement_avance:UTA|data_memory:DataMemory|Banc[20][2]      ; 1       ;
; processeur:Processeur|unite_de_traitement_avance:UTA|data_memory:DataMemory|Banc[7][2]       ; 1       ;
; processeur:Processeur|unite_de_traitement_avance:UTA|data_memory:DataMemory|Banc[23][2]      ; 1       ;
; processeur:Processeur|unite_de_traitement_avance:UTA|data_memory:DataMemory|Banc[60][2]      ; 1       ;
; processeur:Processeur|unite_de_traitement_avance:UTA|data_memory:DataMemory|Banc[45][2]      ; 1       ;
; processeur:Processeur|unite_de_traitement_avance:UTA|data_memory:DataMemory|Banc[44][2]      ; 1       ;
; processeur:Processeur|unite_de_traitement_avance:UTA|data_memory:DataMemory|Banc[61][2]      ; 1       ;
; processeur:Processeur|unite_de_traitement_avance:UTA|data_memory:DataMemory|Banc[62][2]      ; 1       ;
; processeur:Processeur|unite_de_traitement_avance:UTA|data_memory:DataMemory|Banc[47][2]      ; 1       ;
; processeur:Processeur|unite_de_traitement_avance:UTA|data_memory:DataMemory|Banc[46][2]      ; 1       ;
; processeur:Processeur|unite_de_traitement_avance:UTA|data_memory:DataMemory|Banc[42][3]      ; 1       ;
; processeur:Processeur|unite_de_traitement_avance:UTA|data_memory:DataMemory|Banc[46][3]      ; 1       ;
; processeur:Processeur|unite_de_traitement_avance:UTA|data_memory:DataMemory|Banc[41][3]      ; 1       ;
; processeur:Processeur|unite_de_traitement_avance:UTA|data_memory:DataMemory|Banc[45][3]      ; 1       ;
; processeur:Processeur|unite_de_traitement_avance:UTA|data_memory:DataMemory|Banc[40][3]      ; 1       ;
; Total number of inverted registers = 190*                                                    ;         ;
+----------------------------------------------------------------------------------------------+---------+
* Table truncated at 100 items. To change the number of inverted registers reported, set the "Number of Inverted Registers Reported" option under Assignments->Settings->Analysis and Synthesis Settings->More Settings


+-----------------------------------------------------------------------------------------------------------------------------------------------------------------------------------------------------------------+
; Multiplexer Restructuring Statistics (Restructuring Performed)                                                                                                                                                  ;
+--------------------+-----------+---------------+----------------------+------------------------+------------+---------------------------------------------------------------------------------------------------+
; Multiplexer Inputs ; Bus Width ; Baseline Area ; Area if Restructured ; Saving if Restructured ; Registered ; Example Multiplexer Output                                                                        ;
+--------------------+-----------+---------------+----------------------+------------------------+------------+---------------------------------------------------------------------------------------------------+
; 3:1                ; 28 bits   ; 56 LEs        ; 56 LEs               ; 0 LEs                  ; Yes        ; |top_level|processeur:Processeur|unite_de_gestion_des_instructions:UGI|PC[15]                     ;
; 3:1                ; 4 bits    ; 8 LEs         ; 8 LEs                ; 0 LEs                  ; Yes        ; |top_level|processeur:Processeur|unite_de_gestion_des_instructions:UGI|PC[3]                      ;
; 4:1                ; 7 bits    ; 14 LEs        ; 14 LEs               ; 0 LEs                  ; No         ; |top_level|processeur:Processeur|unite_de_traitement_avance:UTA|ual:UAL|Mux27                     ;
; 3:1                ; 5 bits    ; 10 LEs        ; 10 LEs               ; 0 LEs                  ; No         ; |top_level|processeur:Processeur|unite_de_traitement_avance:UTA|Mux2v1:Mux1|S[4]                  ;
; 16:1               ; 32 bits   ; 320 LEs       ; 320 LEs              ; 0 LEs                  ; No         ; |top_level|processeur:Processeur|unite_de_traitement_avance:UTA|banc_registre:banc_registre|Mux51 ;
; 16:1               ; 32 bits   ; 320 LEs       ; 320 LEs              ; 0 LEs                  ; No         ; |top_level|processeur:Processeur|unite_de_traitement_avance:UTA|banc_registre:banc_registre|Mux29 ;
; 65:1               ; 7 bits    ; 301 LEs       ; 301 LEs              ; 0 LEs                  ; No         ; |top_level|processeur:Processeur|unite_de_traitement_avance:UTA|Mux2v1:Mux2|S[1]                  ;
; 128:1              ; 6 bits    ; 510 LEs       ; 12 LEs               ; 498 LEs                ; No         ; |top_level|processeur:Processeur|decod_instruction:Decodeur|Mux9                                  ;
; 68:1               ; 25 bits   ; 1125 LEs      ; 1100 LEs             ; 25 LEs                 ; No         ; |top_level|processeur:Processeur|unite_de_traitement_avance:UTA|Mux2v1:Mux2|S[16]                 ;
+--------------------+-----------+---------------+----------------------+------------------------+------------+---------------------------------------------------------------------------------------------------+


+------------------------------------------------------------------------------------------------------------------------+
; Parameter Settings for User Entity Instance: processeur:Processeur|unite_de_traitement_avance:UTA|sign_extend:Extender ;
+----------------+-------+-----------------------------------------------------------------------------------------------+
; Parameter Name ; Value ; Type                                                                                          ;
+----------------+-------+-----------------------------------------------------------------------------------------------+
; n              ; 8     ; Signed Integer                                                                                ;
+----------------+-------+-----------------------------------------------------------------------------------------------+
Note: In order to hide this table in the UI and the text report file, please set the "Show Parameter Settings in Synthesis Report" option in "Analysis and Synthesis Settings -> More Settings" to "Off".


+---------------------------------------------------------------------------------------------------------------+
; Parameter Settings for User Entity Instance: processeur:Processeur|unite_de_traitement_avance:UTA|Mux2v1:Mux1 ;
+----------------+-------+--------------------------------------------------------------------------------------+
; Parameter Name ; Value ; Type                                                                                 ;
+----------------+-------+--------------------------------------------------------------------------------------+
; n              ; 32    ; Signed Integer                                                                       ;
+----------------+-------+--------------------------------------------------------------------------------------+
Note: In order to hide this table in the UI and the text report file, please set the "Show Parameter Settings in Synthesis Report" option in "Analysis and Synthesis Settings -> More Settings" to "Off".


+----------------------------------------------------------------------------------------------------------------+
; Parameter Settings for User Entity Instance: processeur:Processeur|unite_de_traitement_avance:UTA|Mux2v1:MUXRb ;
+----------------+-------+---------------------------------------------------------------------------------------+
; Parameter Name ; Value ; Type                                                                                  ;
+----------------+-------+---------------------------------------------------------------------------------------+
; n              ; 4     ; Signed Integer                                                                        ;
+----------------+-------+---------------------------------------------------------------------------------------+
Note: In order to hide this table in the UI and the text report file, please set the "Show Parameter Settings in Synthesis Report" option in "Analysis and Synthesis Settings -> More Settings" to "Off".


+---------------------------------------------------------------------------------------------------------------+
; Parameter Settings for User Entity Instance: processeur:Processeur|unite_de_traitement_avance:UTA|Mux2v1:Mux2 ;
+----------------+-------+--------------------------------------------------------------------------------------+
; Parameter Name ; Value ; Type                                                                                 ;
+----------------+-------+--------------------------------------------------------------------------------------+
; n              ; 32    ; Signed Integer                                                                       ;
+----------------+-------+--------------------------------------------------------------------------------------+
Note: In order to hide this table in the UI and the text report file, please set the "Show Parameter Settings in Synthesis Report" option in "Analysis and Synthesis Settings -> More Settings" to "Off".


+--------------------------------------------------------------------------------------------------------------------------------+
; Parameter Settings for User Entity Instance: processeur:Processeur|unite_de_gestion_des_instructions:UGI|sign_extend:PC_Extend ;
+----------------+-------+-------------------------------------------------------------------------------------------------------+
; Parameter Name ; Value ; Type                                                                                                  ;
+----------------+-------+-------------------------------------------------------------------------------------------------------+
; n              ; 24    ; Signed Integer                                                                                        ;
+----------------+-------+-------------------------------------------------------------------------------------------------------+
Note: In order to hide this table in the UI and the text report file, please set the "Show Parameter Settings in Synthesis Report" option in "Analysis and Synthesis Settings -> More Settings" to "Off".


+-----------------------------------------------------------------------------------------------------------------------------+
; Port Connectivity Checks: "processeur:Processeur"                                                                           ;
+-------------------+--------+----------+-------------------------------------------------------------------------------------+
; Port              ; Type   ; Severity ; Details                                                                             ;
+-------------------+--------+----------+-------------------------------------------------------------------------------------+
; afficheur[31..16] ; Output ; Info     ; Connected to dangling logic. Logic that only feeds a dangling port will be removed. ;
+-------------------+--------+----------+-------------------------------------------------------------------------------------+


+-----------------------------------------------------+
; Post-Synthesis Netlist Statistics for Top Partition ;
+-----------------------+-----------------------------+
; Type                  ; Count                       ;
+-----------------------+-----------------------------+
; boundary_port         ; 41                          ;
; cycloneiii_ff         ; 2597                        ;
;     CLR               ; 11                          ;
;     CLR SLD           ; 4                           ;
;     ENA CLR           ; 2582                        ;
; cycloneiii_lcell_comb ; 2671                        ;
;     arith             ; 42                          ;
;         2 data inputs ; 6                           ;
;         3 data inputs ; 36                          ;
;     normal            ; 2629                        ;
;         1 data inputs ; 195                         ;
;         2 data inputs ; 71                          ;
;         3 data inputs ; 43                          ;
;         4 data inputs ; 2320                        ;
;                       ;                             ;
; Max LUT depth         ; 19.50                       ;
; Average LUT depth     ; 10.83                       ;
+-----------------------+-----------------------------+


+-------------------------------+
; Elapsed Time Per Partition    ;
+----------------+--------------+
; Partition Name ; Elapsed Time ;
+----------------+--------------+
; Top            ; 00:00:08     ;
+----------------+--------------+


+-------------------------------+
; Analysis & Synthesis Messages ;
+-------------------------------+
Info: *******************************************************************
Info: Running Quartus Prime Analysis & Synthesis
    Info: Version 18.1.0 Build 625 09/12/2018 SJ Lite Edition
    Info: Processing started: Sat Apr 15 11:15:19 2023
Info: Command: quartus_map --read_settings_files=on --write_settings_files=off processeurMonocycle -c processeurMonocycle
Warning (12473): User specified to use only one processors but 4 processors were detected which could be used to decrease run time.
Info (12021): Found 2 design units, including 1 entities, in source file /users/lucas/onedrive - etu.sorbonne-universite.fr/ei-se/semestre 6/projet vhdl/projet/projet/processeur-monocycle/src/vic.vhd
    Info (12022): Found design unit 1: VIC-Behavioral File: C:/Users/Lucas/OneDrive - etu.sorbonne-universite.fr/EI-SE/Semestre 6/Projet VHDL/Projet/projet/Processeur-monocycle/src/vic.vhd Line: 16
    Info (12023): Found entity 1: VIC File: C:/Users/Lucas/OneDrive - etu.sorbonne-universite.fr/EI-SE/Semestre 6/Projet VHDL/Projet/projet/Processeur-monocycle/src/vic.vhd Line: 6
Info (12021): Found 2 design units, including 1 entities, in source file /users/lucas/onedrive - etu.sorbonne-universite.fr/ei-se/semestre 6/projet vhdl/projet/projet/processeur-monocycle/src/unite_de_traitement_avance.vhd
    Info (12022): Found design unit 1: unite_de_traitement_avance-struct File: C:/Users/Lucas/OneDrive - etu.sorbonne-universite.fr/EI-SE/Semestre 6/Projet VHDL/Projet/projet/Processeur-monocycle/src/unite_de_traitement_avance.vhd Line: 27
    Info (12023): Found entity 1: unite_de_traitement_avance File: C:/Users/Lucas/OneDrive - etu.sorbonne-universite.fr/EI-SE/Semestre 6/Projet VHDL/Projet/projet/Processeur-monocycle/src/unite_de_traitement_avance.vhd Line: 5
Info (12021): Found 2 design units, including 1 entities, in source file /users/lucas/onedrive - etu.sorbonne-universite.fr/ei-se/semestre 6/projet vhdl/projet/projet/processeur-monocycle/src/unite_de_traitement.vhd
    Info (12022): Found design unit 1: unite_de_traitement-struct File: C:/Users/Lucas/OneDrive - etu.sorbonne-universite.fr/EI-SE/Semestre 6/Projet VHDL/Projet/projet/Processeur-monocycle/src/unite_de_traitement.vhd Line: 20
    Info (12023): Found entity 1: unite_de_traitement File: C:/Users/Lucas/OneDrive - etu.sorbonne-universite.fr/EI-SE/Semestre 6/Projet VHDL/Projet/projet/Processeur-monocycle/src/unite_de_traitement.vhd Line: 5
Info (12021): Found 2 design units, including 1 entities, in source file /users/lucas/onedrive - etu.sorbonne-universite.fr/ei-se/semestre 6/projet vhdl/projet/projet/processeur-monocycle/src/unite_de_gestion_des_instructions.vhd
    Info (12022): Found design unit 1: unite_de_gestion_des_instructions-struct File: C:/Users/Lucas/OneDrive - etu.sorbonne-universite.fr/EI-SE/Semestre 6/Projet VHDL/Projet/projet/Processeur-monocycle/src/unite_de_gestion_des_instructions.vhd Line: 18
    Info (12023): Found entity 1: unite_de_gestion_des_instructions File: C:/Users/Lucas/OneDrive - etu.sorbonne-universite.fr/EI-SE/Semestre 6/Projet VHDL/Projet/projet/Processeur-monocycle/src/unite_de_gestion_des_instructions.vhd Line: 5
Info (12021): Found 2 design units, including 1 entities, in source file /users/lucas/onedrive - etu.sorbonne-universite.fr/ei-se/semestre 6/projet vhdl/projet/projet/processeur-monocycle/src/ual.vhd
    Info (12022): Found design unit 1: ual-RTL File: C:/Users/Lucas/OneDrive - etu.sorbonne-universite.fr/EI-SE/Semestre 6/Projet VHDL/Projet/projet/Processeur-monocycle/src/ual.vhd Line: 13
    Info (12023): Found entity 1: ual File: C:/Users/Lucas/OneDrive - etu.sorbonne-universite.fr/EI-SE/Semestre 6/Projet VHDL/Projet/projet/Processeur-monocycle/src/ual.vhd Line: 5
Info (12021): Found 2 design units, including 1 entities, in source file /users/lucas/onedrive - etu.sorbonne-universite.fr/ei-se/semestre 6/projet vhdl/projet/projet/processeur-monocycle/src/top_level.vhd
    Info (12022): Found design unit 1: top_level-RTL File: C:/Users/Lucas/OneDrive - etu.sorbonne-universite.fr/EI-SE/Semestre 6/Projet VHDL/Projet/projet/Processeur-monocycle/src/top_level.vhd Line: 18
    Info (12023): Found entity 1: top_level File: C:/Users/Lucas/OneDrive - etu.sorbonne-universite.fr/EI-SE/Semestre 6/Projet VHDL/Projet/projet/Processeur-monocycle/src/top_level.vhd Line: 5
Info (12021): Found 2 design units, including 1 entities, in source file /users/lucas/onedrive - etu.sorbonne-universite.fr/ei-se/semestre 6/projet vhdl/projet/projet/processeur-monocycle/src/sign_extend.vhd
    Info (12022): Found design unit 1: sign_extend-behavioral File: C:/Users/Lucas/OneDrive - etu.sorbonne-universite.fr/EI-SE/Semestre 6/Projet VHDL/Projet/projet/Processeur-monocycle/src/sign_extend.vhd Line: 16
    Info (12023): Found entity 1: sign_extend File: C:/Users/Lucas/OneDrive - etu.sorbonne-universite.fr/EI-SE/Semestre 6/Projet VHDL/Projet/projet/Processeur-monocycle/src/sign_extend.vhd Line: 5
Info (12021): Found 2 design units, including 1 entities, in source file /users/lucas/onedrive - etu.sorbonne-universite.fr/ei-se/semestre 6/projet vhdl/projet/projet/processeur-monocycle/src/sept_segments.vhd
    Info (12022): Found design unit 1: Sept_Segments-COMB File: C:/Users/Lucas/OneDrive - etu.sorbonne-universite.fr/EI-SE/Semestre 6/Projet VHDL/Projet/projet/Processeur-monocycle/src/Sept_Segments.vhd Line: 38
    Info (12023): Found entity 1: Sept_Segments File: C:/Users/Lucas/OneDrive - etu.sorbonne-universite.fr/EI-SE/Semestre 6/Projet VHDL/Projet/projet/Processeur-monocycle/src/Sept_Segments.vhd Line: 30
Info (12021): Found 2 design units, including 1 entities, in source file /users/lucas/onedrive - etu.sorbonne-universite.fr/ei-se/semestre 6/projet vhdl/projet/projet/processeur-monocycle/src/registrepsr.vhd
    Info (12022): Found design unit 1: registrePSR-behavioral File: C:/Users/Lucas/OneDrive - etu.sorbonne-universite.fr/EI-SE/Semestre 6/Projet VHDL/Projet/projet/Processeur-monocycle/src/registrePSR.vhd Line: 13
    Info (12023): Found entity 1: registrePSR File: C:/Users/Lucas/OneDrive - etu.sorbonne-universite.fr/EI-SE/Semestre 6/Projet VHDL/Projet/projet/Processeur-monocycle/src/registrePSR.vhd Line: 5
Info (12021): Found 2 design units, including 1 entities, in source file /users/lucas/onedrive - etu.sorbonne-universite.fr/ei-se/semestre 6/projet vhdl/projet/projet/processeur-monocycle/src/registrepc.vhd
    Info (12022): Found design unit 1: registrePC-behavioral File: C:/Users/Lucas/OneDrive - etu.sorbonne-universite.fr/EI-SE/Semestre 6/Projet VHDL/Projet/projet/Processeur-monocycle/src/registrePC.vhd Line: 13
    Info (12023): Found entity 1: registrePC File: C:/Users/Lucas/OneDrive - etu.sorbonne-universite.fr/EI-SE/Semestre 6/Projet VHDL/Projet/projet/Processeur-monocycle/src/registrePC.vhd Line: 5
Info (12021): Found 2 design units, including 1 entities, in source file /users/lucas/onedrive - etu.sorbonne-universite.fr/ei-se/semestre 6/projet vhdl/projet/projet/processeur-monocycle/src/registreafficheur.vhd
    Info (12022): Found design unit 1: registreAfficheur-behavioral File: C:/Users/Lucas/OneDrive - etu.sorbonne-universite.fr/EI-SE/Semestre 6/Projet VHDL/Projet/projet/Processeur-monocycle/src/registreAfficheur.vhd Line: 13
    Info (12023): Found entity 1: registreAfficheur File: C:/Users/Lucas/OneDrive - etu.sorbonne-universite.fr/EI-SE/Semestre 6/Projet VHDL/Projet/projet/Processeur-monocycle/src/registreAfficheur.vhd Line: 5
Info (12021): Found 2 design units, including 1 entities, in source file /users/lucas/onedrive - etu.sorbonne-universite.fr/ei-se/semestre 6/projet vhdl/projet/projet/processeur-monocycle/src/processeur.vhd
    Info (12022): Found design unit 1: processeur-struct File: C:/Users/Lucas/OneDrive - etu.sorbonne-universite.fr/EI-SE/Semestre 6/Projet VHDL/Projet/projet/Processeur-monocycle/src/processeur.vhd Line: 15
    Info (12023): Found entity 1: processeur File: C:/Users/Lucas/OneDrive - etu.sorbonne-universite.fr/EI-SE/Semestre 6/Projet VHDL/Projet/projet/Processeur-monocycle/src/processeur.vhd Line: 5
Info (12021): Found 2 design units, including 1 entities, in source file /users/lucas/onedrive - etu.sorbonne-universite.fr/ei-se/semestre 6/projet vhdl/projet/projet/processeur-monocycle/src/mux2v1.vhd
    Info (12022): Found design unit 1: Mux2v1-behavioral File: C:/Users/Lucas/OneDrive - etu.sorbonne-universite.fr/EI-SE/Semestre 6/Projet VHDL/Projet/projet/Processeur-monocycle/src/mux2v1.vhd Line: 17
    Info (12023): Found entity 1: Mux2v1 File: C:/Users/Lucas/OneDrive - etu.sorbonne-universite.fr/EI-SE/Semestre 6/Projet VHDL/Projet/projet/Processeur-monocycle/src/mux2v1.vhd Line: 5
Info (12021): Found 2 design units, including 1 entities, in source file /users/lucas/onedrive - etu.sorbonne-universite.fr/ei-se/semestre 6/projet vhdl/projet/projet/processeur-monocycle/src/memoire_instruction.vhd
    Info (12022): Found design unit 1: instruction_memory_IRQ-RTL File: C:/Users/Lucas/OneDrive - etu.sorbonne-universite.fr/EI-SE/Semestre 6/Projet VHDL/Projet/projet/Processeur-monocycle/src/memoire_instruction.vhd Line: 11
    Info (12023): Found entity 1: instruction_memory_IRQ File: C:/Users/Lucas/OneDrive - etu.sorbonne-universite.fr/EI-SE/Semestre 6/Projet VHDL/Projet/projet/Processeur-monocycle/src/memoire_instruction.vhd Line: 5
Info (12021): Found 2 design units, including 1 entities, in source file /users/lucas/onedrive - etu.sorbonne-universite.fr/ei-se/semestre 6/projet vhdl/projet/projet/processeur-monocycle/src/decod_instruction.vhd
    Info (12022): Found design unit 1: decod_instruction-behavioral File: C:/Users/Lucas/OneDrive - etu.sorbonne-universite.fr/EI-SE/Semestre 6/Projet VHDL/Projet/projet/Processeur-monocycle/src/decod_instruction.vhd Line: 18
    Info (12023): Found entity 1: decod_instruction File: C:/Users/Lucas/OneDrive - etu.sorbonne-universite.fr/EI-SE/Semestre 6/Projet VHDL/Projet/projet/Processeur-monocycle/src/decod_instruction.vhd Line: 5
Info (12021): Found 2 design units, including 1 entities, in source file /users/lucas/onedrive - etu.sorbonne-universite.fr/ei-se/semestre 6/projet vhdl/projet/projet/processeur-monocycle/src/data_memory.vhd
    Info (12022): Found design unit 1: data_memory-behavioral File: C:/Users/Lucas/OneDrive - etu.sorbonne-universite.fr/EI-SE/Semestre 6/Projet VHDL/Projet/projet/Processeur-monocycle/src/data_memory.vhd Line: 17
    Info (12023): Found entity 1: data_memory File: C:/Users/Lucas/OneDrive - etu.sorbonne-universite.fr/EI-SE/Semestre 6/Projet VHDL/Projet/projet/Processeur-monocycle/src/data_memory.vhd Line: 5
Info (12021): Found 2 design units, including 1 entities, in source file /users/lucas/onedrive - etu.sorbonne-universite.fr/ei-se/semestre 6/projet vhdl/projet/projet/processeur-monocycle/src/banc_registre.vhd
    Info (12022): Found design unit 1: banc_registre-RTL File: C:/Users/Lucas/OneDrive - etu.sorbonne-universite.fr/EI-SE/Semestre 6/Projet VHDL/Projet/projet/Processeur-monocycle/src/banc_registre.vhd Line: 19
    Info (12023): Found entity 1: banc_registre File: C:/Users/Lucas/OneDrive - etu.sorbonne-universite.fr/EI-SE/Semestre 6/Projet VHDL/Projet/projet/Processeur-monocycle/src/banc_registre.vhd Line: 5
Info (12127): Elaborating entity "top_level" for the top level hierarchy
Info (12129): Elaborating entity "processeur" using architecture "A:struct" for hierarchy "processeur:Processeur" File: C:/Users/Lucas/OneDrive - etu.sorbonne-universite.fr/EI-SE/Semestre 6/Projet VHDL/Projet/projet/Processeur-monocycle/src/top_level.vhd Line: 30
Info (12129): Elaborating entity "unite_de_traitement_avance" using architecture "A:struct" for hierarchy "processeur:Processeur|unite_de_traitement_avance:UTA" File: C:/Users/Lucas/OneDrive - etu.sorbonne-universite.fr/EI-SE/Semestre 6/Projet VHDL/Projet/projet/Processeur-monocycle/src/processeur.vhd Line: 28
Info (12129): Elaborating entity "banc_registre" using architecture "A:rtl" for hierarchy "processeur:Processeur|unite_de_traitement_avance:UTA|banc_registre:banc_registre" File: C:/Users/Lucas/OneDrive - etu.sorbonne-universite.fr/EI-SE/Semestre 6/Projet VHDL/Projet/projet/Processeur-monocycle/src/unite_de_traitement_avance.vhd Line: 33
Info (12129): Elaborating entity "sign_extend" using architecture "A:behavioral" for hierarchy "processeur:Processeur|unite_de_traitement_avance:UTA|sign_extend:Extender" File: C:/Users/Lucas/OneDrive - etu.sorbonne-universite.fr/EI-SE/Semestre 6/Projet VHDL/Projet/projet/Processeur-monocycle/src/unite_de_traitement_avance.vhd Line: 36
Info (12129): Elaborating entity "Mux2v1" using architecture "A:behavioral" for hierarchy "processeur:Processeur|unite_de_traitement_avance:UTA|Mux2v1:Mux1" File: C:/Users/Lucas/OneDrive - etu.sorbonne-universite.fr/EI-SE/Semestre 6/Projet VHDL/Projet/projet/Processeur-monocycle/src/unite_de_traitement_avance.vhd Line: 40
Info (12129): Elaborating entity "Mux2v1" using architecture "A:behavioral" for hierarchy "processeur:Processeur|unite_de_traitement_avance:UTA|Mux2v1:MUXRb" File: C:/Users/Lucas/OneDrive - etu.sorbonne-universite.fr/EI-SE/Semestre 6/Projet VHDL/Projet/projet/Processeur-monocycle/src/unite_de_traitement_avance.vhd Line: 44
Info (12129): Elaborating entity "ual" using architecture "A:rtl" for hierarchy "processeur:Processeur|unite_de_traitement_avance:UTA|ual:UAL" File: C:/Users/Lucas/OneDrive - etu.sorbonne-universite.fr/EI-SE/Semestre 6/Projet VHDL/Projet/projet/Processeur-monocycle/src/unite_de_traitement_avance.vhd Line: 48
Info (12129): Elaborating entity "data_memory" using architecture "A:behavioral" for hierarchy "processeur:Processeur|unite_de_traitement_avance:UTA|data_memory:DataMemory" File: C:/Users/Lucas/OneDrive - etu.sorbonne-universite.fr/EI-SE/Semestre 6/Projet VHDL/Projet/projet/Processeur-monocycle/src/unite_de_traitement_avance.vhd Line: 51
Info (12129): Elaborating entity "registreAfficheur" using architecture "A:behavioral" for hierarchy "processeur:Processeur|unite_de_traitement_avance:UTA|registreAfficheur:Aff" File: C:/Users/Lucas/OneDrive - etu.sorbonne-universite.fr/EI-SE/Semestre 6/Projet VHDL/Projet/projet/Processeur-monocycle/src/unite_de_traitement_avance.vhd Line: 58
Info (12129): Elaborating entity "unite_de_gestion_des_instructions" using architecture "A:struct" for hierarchy "processeur:Processeur|unite_de_gestion_des_instructions:UGI" File: C:/Users/Lucas/OneDrive - etu.sorbonne-universite.fr/EI-SE/Semestre 6/Projet VHDL/Projet/projet/Processeur-monocycle/src/processeur.vhd Line: 31
Info (12129): Elaborating entity "sign_extend" using architecture "A:behavioral" for hierarchy "processeur:Processeur|unite_de_gestion_des_instructions:UGI|sign_extend:PC_Extend" File: C:/Users/Lucas/OneDrive - etu.sorbonne-universite.fr/EI-SE/Semestre 6/Projet VHDL/Projet/projet/Processeur-monocycle/src/unite_de_gestion_des_instructions.vhd Line: 25
Info (12129): Elaborating entity "instruction_memory_IRQ" using architecture "A:rtl" for hierarchy "processeur:Processeur|unite_de_gestion_des_instructions:UGI|instruction_memory_IRQ:instr" File: C:/Users/Lucas/OneDrive - etu.sorbonne-universite.fr/EI-SE/Semestre 6/Projet VHDL/Projet/projet/Processeur-monocycle/src/unite_de_gestion_des_instructions.vhd Line: 29
Info (12129): Elaborating entity "decod_instruction" using architecture "A:behavioral" for hierarchy "processeur:Processeur|decod_instruction:Decodeur" File: C:/Users/Lucas/OneDrive - etu.sorbonne-universite.fr/EI-SE/Semestre 6/Projet VHDL/Projet/projet/Processeur-monocycle/src/processeur.vhd Line: 34
Warning (10631): VHDL Process Statement warning at decod_instruction.vhd(23): inferring latch(es) for signal or variable "instr_courante", which holds its previous value in one or more paths through the process File: C:/Users/Lucas/OneDrive - etu.sorbonne-universite.fr/EI-SE/Semestre 6/Projet VHDL/Projet/projet/Processeur-monocycle/src/decod_instruction.vhd Line: 23
Warning (10492): VHDL Process Statement warning at decod_instruction.vhd(91): signal "flags" is read inside the Process Statement but isn't in the Process Statement's sensitivity list File: C:/Users/Lucas/OneDrive - etu.sorbonne-universite.fr/EI-SE/Semestre 6/Projet VHDL/Projet/projet/Processeur-monocycle/src/decod_instruction.vhd Line: 91
Info (10041): Inferred latch for "instr_courante.BX" at decod_instruction.vhd(23) File: C:/Users/Lucas/OneDrive - etu.sorbonne-universite.fr/EI-SE/Semestre 6/Projet VHDL/Projet/projet/Processeur-monocycle/src/decod_instruction.vhd Line: 23
Info (10041): Inferred latch for "instr_courante.BLT" at decod_instruction.vhd(23) File: C:/Users/Lucas/OneDrive - etu.sorbonne-universite.fr/EI-SE/Semestre 6/Projet VHDL/Projet/projet/Processeur-monocycle/src/decod_instruction.vhd Line: 23
Info (10041): Inferred latch for "instr_courante.BAL" at decod_instruction.vhd(23) File: C:/Users/Lucas/OneDrive - etu.sorbonne-universite.fr/EI-SE/Semestre 6/Projet VHDL/Projet/projet/Processeur-monocycle/src/decod_instruction.vhd Line: 23
Info (10041): Inferred latch for "instr_courante.STR" at decod_instruction.vhd(23) File: C:/Users/Lucas/OneDrive - etu.sorbonne-universite.fr/EI-SE/Semestre 6/Projet VHDL/Projet/projet/Processeur-monocycle/src/decod_instruction.vhd Line: 23
Info (10041): Inferred latch for "instr_courante.LDR" at decod_instruction.vhd(23) File: C:/Users/Lucas/OneDrive - etu.sorbonne-universite.fr/EI-SE/Semestre 6/Projet VHDL/Projet/projet/Processeur-monocycle/src/decod_instruction.vhd Line: 23
Info (10041): Inferred latch for "instr_courante.CMP" at decod_instruction.vhd(23) File: C:/Users/Lucas/OneDrive - etu.sorbonne-universite.fr/EI-SE/Semestre 6/Projet VHDL/Projet/projet/Processeur-monocycle/src/decod_instruction.vhd Line: 23
Info (10041): Inferred latch for "instr_courante.ADDr" at decod_instruction.vhd(23) File: C:/Users/Lucas/OneDrive - etu.sorbonne-universite.fr/EI-SE/Semestre 6/Projet VHDL/Projet/projet/Processeur-monocycle/src/decod_instruction.vhd Line: 23
Info (10041): Inferred latch for "instr_courante.ADDi" at decod_instruction.vhd(23) File: C:/Users/Lucas/OneDrive - etu.sorbonne-universite.fr/EI-SE/Semestre 6/Projet VHDL/Projet/projet/Processeur-monocycle/src/decod_instruction.vhd Line: 23
Info (10041): Inferred latch for "instr_courante.MOV" at decod_instruction.vhd(23) File: C:/Users/Lucas/OneDrive - etu.sorbonne-universite.fr/EI-SE/Semestre 6/Projet VHDL/Projet/projet/Processeur-monocycle/src/decod_instruction.vhd Line: 23
Info (12129): Elaborating entity "registrePSR" using architecture "A:behavioral" for hierarchy "processeur:Processeur|registrePSR:PSR" File: C:/Users/Lucas/OneDrive - etu.sorbonne-universite.fr/EI-SE/Semestre 6/Projet VHDL/Projet/projet/Processeur-monocycle/src/processeur.vhd Line: 37
Info (12129): Elaborating entity "VIC" using architecture "A:behavioral" for hierarchy "processeur:Processeur|VIC:VIC" File: C:/Users/Lucas/OneDrive - etu.sorbonne-universite.fr/EI-SE/Semestre 6/Projet VHDL/Projet/projet/Processeur-monocycle/src/processeur.vhd Line: 40
Info (12129): Elaborating entity "Sept_Segments" using architecture "A:comb" for hierarchy "Sept_Segments:SEVEN_SEG1" File: C:/Users/Lucas/OneDrive - etu.sorbonne-universite.fr/EI-SE/Semestre 6/Projet VHDL/Projet/projet/Processeur-monocycle/src/top_level.vhd Line: 33
Info (276014): Found 1 instances of uninferred RAM logic
    Info (276013): RAM logic "processeur:Processeur|unite_de_gestion_des_instructions:UGI|instruction_memory_IRQ:instr|mem" is uninferred because MIF is not supported for the selected family File: C:/Users/Lucas/OneDrive - etu.sorbonne-universite.fr/EI-SE/Semestre 6/Projet VHDL/Projet/projet/Processeur-monocycle/src/memoire_instruction.vhd Line: 71
Warning (13012): Latch processeur:Processeur|decod_instruction:Decodeur|RegAff has unsafe behavior File: C:/Users/Lucas/OneDrive - etu.sorbonne-universite.fr/EI-SE/Semestre 6/Projet VHDL/Projet/projet/Processeur-monocycle/src/decod_instruction.vhd Line: 9
    Warning (13013): Ports D and ENA on the latch are fed by the same signal processeur:Processeur|decod_instruction:Decodeur|WideNor0 File: C:/Users/Lucas/OneDrive - etu.sorbonne-universite.fr/EI-SE/Semestre 6/Projet VHDL/Projet/projet/Processeur-monocycle/src/decod_instruction.vhd Line: 25
Warning (13012): Latch processeur:Processeur|decod_instruction:Decodeur|ALUctr[1] has unsafe behavior File: C:/Users/Lucas/OneDrive - etu.sorbonne-universite.fr/EI-SE/Semestre 6/Projet VHDL/Projet/projet/Processeur-monocycle/src/decod_instruction.vhd Line: 10
    Warning (13013): Ports D and ENA on the latch are fed by the same signal processeur:Processeur|decod_instruction:Decodeur|WideNor0 File: C:/Users/Lucas/OneDrive - etu.sorbonne-universite.fr/EI-SE/Semestre 6/Projet VHDL/Projet/projet/Processeur-monocycle/src/decod_instruction.vhd Line: 25
Warning (13012): Latch processeur:Processeur|decod_instruction:Decodeur|instr_courante.ADDi_375 has unsafe behavior File: C:/Users/Lucas/OneDrive - etu.sorbonne-universite.fr/EI-SE/Semestre 6/Projet VHDL/Projet/projet/Processeur-monocycle/src/decod_instruction.vhd Line: 23
    Warning (13013): Ports D and ENA on the latch are fed by the same signal processeur:Processeur|unite_de_gestion_des_instructions:UGI|PC[5] File: C:/Users/Lucas/OneDrive - etu.sorbonne-universite.fr/EI-SE/Semestre 6/Projet VHDL/Projet/projet/Processeur-monocycle/src/unite_de_gestion_des_instructions.vhd Line: 34
Warning (13012): Latch processeur:Processeur|decod_instruction:Decodeur|ALUctr[0] has unsafe behavior File: C:/Users/Lucas/OneDrive - etu.sorbonne-universite.fr/EI-SE/Semestre 6/Projet VHDL/Projet/projet/Processeur-monocycle/src/decod_instruction.vhd Line: 10
    Warning (13013): Ports D and ENA on the latch are fed by the same signal processeur:Processeur|decod_instruction:Decodeur|WideNor0 File: C:/Users/Lucas/OneDrive - etu.sorbonne-universite.fr/EI-SE/Semestre 6/Projet VHDL/Projet/projet/Processeur-monocycle/src/decod_instruction.vhd Line: 25
Warning (13012): Latch processeur:Processeur|decod_instruction:Decodeur|instr_courante.ADDr_364 has unsafe behavior File: C:/Users/Lucas/OneDrive - etu.sorbonne-universite.fr/EI-SE/Semestre 6/Projet VHDL/Projet/projet/Processeur-monocycle/src/decod_instruction.vhd Line: 23
    Warning (13013): Ports D and ENA on the latch are fed by the same signal processeur:Processeur|decod_instruction:Decodeur|WideNor0 File: C:/Users/Lucas/OneDrive - etu.sorbonne-universite.fr/EI-SE/Semestre 6/Projet VHDL/Projet/projet/Processeur-monocycle/src/decod_instruction.vhd Line: 25
Warning (13012): Latch processeur:Processeur|decod_instruction:Decodeur|instr_courante.BAL_320 has unsafe behavior File: C:/Users/Lucas/OneDrive - etu.sorbonne-universite.fr/EI-SE/Semestre 6/Projet VHDL/Projet/projet/Processeur-monocycle/src/decod_instruction.vhd Line: 23
    Warning (13013): Ports D and ENA on the latch are fed by the same signal processeur:Processeur|unite_de_gestion_des_instructions:UGI|PC[5] File: C:/Users/Lucas/OneDrive - etu.sorbonne-universite.fr/EI-SE/Semestre 6/Projet VHDL/Projet/projet/Processeur-monocycle/src/unite_de_gestion_des_instructions.vhd Line: 34
Warning (13012): Latch processeur:Processeur|decod_instruction:Decodeur|instr_courante.BLT_310 has unsafe behavior File: C:/Users/Lucas/OneDrive - etu.sorbonne-universite.fr/EI-SE/Semestre 6/Projet VHDL/Projet/projet/Processeur-monocycle/src/decod_instruction.vhd Line: 23
    Warning (13013): Ports D and ENA on the latch are fed by the same signal processeur:Processeur|unite_de_gestion_des_instructions:UGI|PC[5] File: C:/Users/Lucas/OneDrive - etu.sorbonne-universite.fr/EI-SE/Semestre 6/Projet VHDL/Projet/projet/Processeur-monocycle/src/unite_de_gestion_des_instructions.vhd Line: 34
Warning (13012): Latch processeur:Processeur|decod_instruction:Decodeur|IRQ_end has unsafe behavior File: C:/Users/Lucas/OneDrive - etu.sorbonne-universite.fr/EI-SE/Semestre 6/Projet VHDL/Projet/projet/Processeur-monocycle/src/decod_instruction.vhd Line: 9
    Warning (13013): Ports D and ENA on the latch are fed by the same signal processeur:Processeur|unite_de_gestion_des_instructions:UGI|PC[5] File: C:/Users/Lucas/OneDrive - etu.sorbonne-universite.fr/EI-SE/Semestre 6/Projet VHDL/Projet/projet/Processeur-monocycle/src/unite_de_gestion_des_instructions.vhd Line: 34
Warning (13012): Latch processeur:Processeur|decod_instruction:Decodeur|WrRsc has unsafe behavior File: C:/Users/Lucas/OneDrive - etu.sorbonne-universite.fr/EI-SE/Semestre 6/Projet VHDL/Projet/projet/Processeur-monocycle/src/decod_instruction.vhd Line: 9
    Warning (13013): Ports D and ENA on the latch are fed by the same signal processeur:Processeur|decod_instruction:Decodeur|WideNor0 File: C:/Users/Lucas/OneDrive - etu.sorbonne-universite.fr/EI-SE/Semestre 6/Projet VHDL/Projet/projet/Processeur-monocycle/src/decod_instruction.vhd Line: 25
Info (13000): Registers with preset signals will power-up high File: C:/Users/Lucas/OneDrive - etu.sorbonne-universite.fr/EI-SE/Semestre 6/Projet VHDL/Projet/projet/Processeur-monocycle/src/banc_registre.vhd Line: 41
Info (13003): DEV_CLRn pin will set, and not reset, register with preset signal due to NOT Gate Push-Back
Info (286030): Timing-Driven Synthesis is running
Info (17049): 52 registers lost all their fanouts during netlist optimizations.
Warning (20013): Ignored 24 assignments for entity "DE10_LITE_Golden_Top" -- entity does not exist in design
    Warning (20014): Assignment for entity set_instance_assignment -name PARTITION_HIERARCHY root_partition -to | -entity DE10_LITE_Golden_Top -section_id Top was ignored
    Warning (20014): Assignment for entity set_global_assignment -name PARTITION_NETLIST_TYPE SOURCE -entity DE10_LITE_Golden_Top -section_id Top was ignored
    Warning (20014): Assignment for entity set_global_assignment -name PARTITION_FITTER_PRESERVATION_LEVEL PLACEMENT_AND_ROUTING -entity DE10_LITE_Golden_Top -section_id Top was ignored
    Warning (20014): Assignment for entity set_global_assignment -name PARTITION_PRESERVE_HIGH_SPEED_TILES ON -entity DE10_LITE_Golden_Top -section_id Top was ignored
    Warning (20014): Assignment for entity set_global_assignment -name PARTITION_IGNORE_SOURCE_FILE_CHANGES OFF -entity DE10_LITE_Golden_Top -section_id Top was ignored
    Warning (20014): Assignment for entity set_global_assignment -name PARTITION_ALWAYS_USE_QXP_NETLIST OFF -entity DE10_LITE_Golden_Top -section_id Top was ignored
    Warning (20014): Assignment for entity set_global_assignment -name PARTITION_COLOR 16764057 -entity DE10_LITE_Golden_Top -section_id Top was ignored
    Warning (20014): Assignment for entity set_global_assignment -name PARTITION_IMPORT_ASSIGNMENTS ON -entity DE10_LITE_Golden_Top -section_id Top was ignored
    Warning (20014): Assignment for entity set_global_assignment -name PARTITION_IMPORT_EXISTING_ASSIGNMENTS REPLACE_CONFLICTING -entity DE10_LITE_Golden_Top -section_id Top was ignored
    Warning (20014): Assignment for entity set_global_assignment -name PARTITION_IMPORT_EXISTING_LOGICLOCK_REGIONS UPDATE_CONFLICTING -entity DE10_LITE_Golden_Top -section_id Top was ignored
    Warning (20014): Assignment for entity set_global_assignment -name PARTITION_IMPORT_PIN_ASSIGNMENTS ON -entity DE10_LITE_Golden_Top -section_id Top was ignored
    Warning (20014): Assignment for entity set_global_assignment -name PARTITION_IMPORT_PROMOTE_ASSIGNMENTS ON -entity DE10_LITE_Golden_Top -section_id Top was ignored
    Warning (20014): Assignment for entity set_global_assignment -name PARTITION_TYPE STANDARD_PARTITION -entity DE10_LITE_Golden_Top -section_id Top was ignored
    Warning (20014): Assignment for entity set_global_assignment -name ALLOW_MULTIPLE_PERSONAS OFF -entity DE10_LITE_Golden_Top -section_id Top was ignored
    Warning (20014): Assignment for entity set_global_assignment -name PARTITION_ASD_REGION_ID 1 -entity DE10_LITE_Golden_Top -section_id Top was ignored
    Warning (20014): Assignment for entity set_global_assignment -name CROSS_BOUNDARY_OPTIMIZATIONS OFF -entity DE10_LITE_Golden_Top -section_id Top was ignored
    Warning (20014): Assignment for entity set_global_assignment -name PROPAGATE_CONSTANTS_ON_INPUTS ON -entity DE10_LITE_Golden_Top -section_id Top was ignored
    Warning (20014): Assignment for entity set_global_assignment -name PROPAGATE_INVERSIONS_ON_INPUTS ON -entity DE10_LITE_Golden_Top -section_id Top was ignored
    Warning (20014): Assignment for entity set_global_assignment -name REMOVE_LOGIC_ON_UNCONNECTED_OUTPUTS ON -entity DE10_LITE_Golden_Top -section_id Top was ignored
    Warning (20014): Assignment for entity set_global_assignment -name MERGE_EQUIVALENT_INPUTS ON -entity DE10_LITE_Golden_Top -section_id Top was ignored
    Warning (20014): Assignment for entity set_global_assignment -name MERGE_EQUIVALENT_BIDIRS ON -entity DE10_LITE_Golden_Top -section_id Top was ignored
    Warning (20014): Assignment for entity set_global_assignment -name ABSORB_PATHS_FROM_OUTPUTS_TO_INPUTS ON -entity DE10_LITE_Golden_Top -section_id Top was ignored
    Warning (20014): Assignment for entity set_global_assignment -name PARTITION_EXTRACT_HARD_BLOCK_NODES ON -entity DE10_LITE_Golden_Top -section_id Top was ignored
    Warning (20014): Assignment for entity set_global_assignment -name PARTITION_ENABLE_STRICT_PRESERVATION OFF -entity DE10_LITE_Golden_Top -section_id Top was ignored
Info (16010): Generating hard_block partition "hard_block:auto_generated_inst"
    Info (16011): Adding 0 node(s), including 0 DDIO, 0 PLL, 0 transceiver and 0 LCELL
Warning (21074): Design contains 8 input pin(s) that do not drive logic
    Warning (15610): No output dependent on input pin "SW[1]" File: C:/Users/Lucas/OneDrive - etu.sorbonne-universite.fr/EI-SE/Semestre 6/Projet VHDL/Projet/projet/Processeur-monocycle/src/top_level.vhd Line: 10
    Warning (15610): No output dependent on input pin "SW[2]" File: C:/Users/Lucas/OneDrive - etu.sorbonne-universite.fr/EI-SE/Semestre 6/Projet VHDL/Projet/projet/Processeur-monocycle/src/top_level.vhd Line: 10
    Warning (15610): No output dependent on input pin "SW[3]" File: C:/Users/Lucas/OneDrive - etu.sorbonne-universite.fr/EI-SE/Semestre 6/Projet VHDL/Projet/projet/Processeur-monocycle/src/top_level.vhd Line: 10
    Warning (15610): No output dependent on input pin "SW[4]" File: C:/Users/Lucas/OneDrive - etu.sorbonne-universite.fr/EI-SE/Semestre 6/Projet VHDL/Projet/projet/Processeur-monocycle/src/top_level.vhd Line: 10
    Warning (15610): No output dependent on input pin "SW[5]" File: C:/Users/Lucas/OneDrive - etu.sorbonne-universite.fr/EI-SE/Semestre 6/Projet VHDL/Projet/projet/Processeur-monocycle/src/top_level.vhd Line: 10
    Warning (15610): No output dependent on input pin "SW[6]" File: C:/Users/Lucas/OneDrive - etu.sorbonne-universite.fr/EI-SE/Semestre 6/Projet VHDL/Projet/projet/Processeur-monocycle/src/top_level.vhd Line: 10
    Warning (15610): No output dependent on input pin "SW[7]" File: C:/Users/Lucas/OneDrive - etu.sorbonne-universite.fr/EI-SE/Semestre 6/Projet VHDL/Projet/projet/Processeur-monocycle/src/top_level.vhd Line: 10
    Warning (15610): No output dependent on input pin "SW[8]" File: C:/Users/Lucas/OneDrive - etu.sorbonne-universite.fr/EI-SE/Semestre 6/Projet VHDL/Projet/projet/Processeur-monocycle/src/top_level.vhd Line: 10
Info (21057): Implemented 5104 device resources after synthesis - the final resource count might be different
    Info (21058): Implemented 13 input pins
    Info (21059): Implemented 28 output pins
    Info (21061): Implemented 5063 logic cells
Info: Quartus Prime Analysis & Synthesis was successful. 0 errors, 55 warnings
    Info: Peak virtual memory: 4809 megabytes
    Info: Processing ended: Sat Apr 15 11:15:40 2023
    Info: Elapsed time: 00:00:21
    Info: Total CPU time (on all processors): 00:00:19


